Error to evaluate expression $mom_siemens_cycle_dmode in CYCLE800_sl: can't read "mom_siemens_cycle_dmode": no such variable
  Operation HOLE_MILLING_02_COPY - Event 10 MOM_before_output : initial_move (RAPID)
    N19 TRAFOOF
      [ MOM_initial_move ][ PB_call_macro ]
 
Error to evaluate expression $mom_siemens_cycle_dmode in CYCLE800_sl: can't read "mom_siemens_cycle_dmode": no such variable
  Operation HOLE_MILLING_02_COPY_COPY - Event 30 MOM_before_output : linear_move (RAPID)
    N48 TRAFOOF
      [ MOM_first_move ][ PB_call_macro ]
 
CUTCOM register 0 must be within the range between 1 and 99
  Operation HOLE_MILLING_02_COPY_COPY - Event 32 MOM_cutcom_on : linear_move (APPROACH)
    N52 Z24.
      [ MOM_cutcom_on ]
 
Error to evaluate expression $mom_siemens_cycle_dmode in CYCLE800_sl: can't read "mom_siemens_cycle_dmode": no such variable
  Operation HOLE_MILLING_02_COPY_COPY_1 - Event 50 MOM_before_output : linear_move (RAPID)
    N77 TRAFOOF
      [ MOM_first_move ][ PB_call_macro ]
 
CUTCOM register 0 must be within the range between 1 and 99
  Operation HOLE_MILLING_02_COPY_COPY_1 - Event 52 MOM_cutcom_on : linear_move (APPROACH)
    N81 Z24.
      [ MOM_cutcom_on ]
 
Error to evaluate expression $mom_siemens_cycle_dmode in CYCLE800_sl: can't read "mom_siemens_cycle_dmode": no such variable
  Operation HOLE_MILLING_02_COPY_COPY_2 - Event 70 MOM_before_output : linear_move (RAPID)
    N106 TRAFOOF
      [ MOM_first_move ][ PB_call_macro ]
 
CUTCOM register 0 must be within the range between 1 and 99
  Operation HOLE_MILLING_02_COPY_COPY_2 - Event 72 MOM_cutcom_on : linear_move (APPROACH)
    N110 Z24.
      [ MOM_cutcom_on ]
 
